[2026-05-21 16:08:31] [INFO] Matrix Framework v1.0.0 started 
[2026-05-21 16:08:31] [INFO] GET / 
[2026-05-21 08:14:49] [INFO] Matrix Framework v1.0.0 started 
[2026-05-21 08:14:49] [INFO] GET / 
[2026-05-21 08:14:49] [INFO] Matrix Framework v1.0.0 started 
[2026-05-21 08:15:11] [INFO] Matrix Framework v1.0.0 started 
[2026-05-21 08:15:11] [INFO] GET /api/users 
[2026-05-21 08:15:11] [INFO] Matrix Framework v1.0.0 started 
[2026-05-21 08:15:12] [INFO] Matrix Framework v1.0.0 started 
[2026-05-21 08:15:12] [INFO] GET /api/users 
[2026-05-21 08:15:12] [INFO] Matrix Framework v1.0.0 started 
[2026-05-21 08:15:16] [INFO] Matrix Framework v1.0.0 started 
[2026-05-21 08:15:17] [INFO] Matrix Framework v1.0.0 started 
[2026-05-21 08:15:18] [INFO] Matrix Framework v1.0.0 started 
[2026-05-21 08:15:18] [INFO] Matrix Framework v1.0.0 started 
[2026-05-21 08:15:19] [INFO] Matrix Framework v1.0.0 started 
[2026-05-21 08:15:19] [INFO] GET /api/users 
[2026-05-21 08:15:19] [INFO] Matrix Framework v1.0.0 started 
[2026-05-21 08:15:19] [INFO] Matrix Framework v1.0.0 started 
[2026-05-21 08:15:19] [INFO] Matrix Framework v1.0.0 started 
[2026-05-21 08:15:20] [INFO] Matrix Framework v1.0.0 started 
[2026-05-21 08:15:20] [INFO] GET / 
[2026-05-21 08:15:20] [INFO] Matrix Framework v1.0.0 started 
[2026-05-21 08:15:21] [INFO] Matrix Framework v1.0.0 started 
[2026-05-21 08:15:21] [INFO] GET / 
[2026-05-21 08:15:21] [INFO] Matrix Framework v1.0.0 started 
[2026-05-21 16:23:25] [INFO] Matrix Framework v1.0.0 started 
[2026-05-21 16:24:46] [INFO] Matrix Framework v1.0.0 started 
[2026-05-21 16:27:17] [INFO] Matrix Framework v1.0.0 started 
[2026-05-21 17:15:55] [INFO] Matrix Framework v1.0.0 started 
[2026-05-21 17:30:54] [INFO] Matrix Framework v1.0.0 started 
[2026-05-21 17:32:34] [INFO] Matrix Framework v1.0.0 started 
[2026-05-21 17:39:24] [INFO] Matrix Framework v1.0.0 started 
[2026-05-21 17:40:15] [INFO] Matrix Framework v1.0.0 started 
[2026-05-21 09:46:26] [INFO] Matrix Framework v1.0.0 started 
[2026-05-21 09:46:26] [INFO] GET / 
[2026-05-21 09:46:26] [INFO] Matrix Framework v1.0.0 started 
[2026-05-21 09:49:39] [INFO] Matrix Framework v1.0.0 started 
[2026-05-21 09:49:39] [INFO] GET / 
[2026-05-21 09:49:39] [INFO] Matrix Framework v1.0.0 started 
[2026-05-21 09:49:41] [INFO] Matrix Framework v1.0.0 started 
[2026-05-21 09:49:41] [INFO] GET / 
[2026-05-21 09:49:41] [INFO] Matrix Framework v1.0.0 started 
[2026-05-21 09:51:57] [INFO] Matrix Framework v1.0.0 started 
[2026-05-21 09:51:57] [INFO] GET / 
[2026-05-21 09:51:58] [INFO] Matrix Framework v1.0.0 started 
[2026-05-21 09:52:54] [INFO] Matrix Framework v1.0.0 started 
[2026-05-21 09:52:54] [INFO] HEAD /_debugbar/assets/widget.css 
[2026-05-21 10:04:27] [INFO] Matrix Framework v1.0.0 started 
[2026-05-21 10:04:27] [INFO] GET / 
[2026-05-21 10:04:27] [INFO] Matrix Framework v1.0.0 started 
[2026-05-21 10:04:28] [INFO] Matrix Framework v1.0.0 started 
[2026-05-21 10:04:28] [INFO] GET / 
[2026-05-21 10:04:28] [INFO] Matrix Framework v1.0.0 started 
[2026-05-21 10:04:31] [INFO] Matrix Framework v1.0.0 started 
[2026-05-21 10:04:31] [INFO] GET / 
[2026-05-21 10:04:31] [INFO] Matrix Framework v1.0.0 started 
[2026-05-21 10:04:31] [INFO] Matrix Framework v1.0.0 started 
[2026-05-21 10:04:31] [INFO] GET / 
[2026-05-21 10:04:32] [INFO] Matrix Framework v1.0.0 started 
[2026-05-21 10:06:00] [INFO] Matrix Framework v1.0.0 started 
[2026-05-21 10:06:00] [INFO] GET / 
[2026-05-21 10:06:00] [INFO] Matrix Framework v1.0.0 started 
[2026-05-21 10:06:08] [INFO] Matrix Framework v1.0.0 started 
[2026-05-21 10:06:08] [INFO] GET / 
[2026-05-21 10:06:08] [INFO] Matrix Framework v1.0.0 started 
[2026-05-21 10:07:45] [INFO] Matrix Framework v1.0.0 started 
[2026-05-21 10:07:46] [INFO] GET / 
[2026-05-21 10:07:53] [INFO] Matrix Framework v1.0.0 started 
[2026-05-21 10:07:53] [INFO] GET / 
[2026-05-21 10:08:25] [INFO] Matrix Framework v1.0.0 started 
[2026-05-21 10:08:25] [INFO] GET / 
[2026-05-21 10:08:58] [INFO] Matrix Framework v1.0.0 started 
[2026-05-21 10:08:58] [INFO] GET /api/users 
[2026-05-21 10:08:58] [INFO] Matrix Framework v1.0.0 started 
[2026-05-21 10:08:58] [INFO] GET /api/users 
[2026-05-21 10:09:08] [INFO] Matrix Framework v1.0.0 started 
[2026-05-21 10:09:09] [INFO] POST /login 
[2026-05-21 10:09:27] [INFO] Matrix Framework v1.0.0 started 
[2026-05-21 10:09:27] [INFO] GET /api/users 
[2026-05-21 10:09:52] [INFO] Matrix Framework v1.0.0 started 
[2026-05-21 10:09:52] [INFO] GET / 
[2026-05-21 10:09:52] [INFO] Matrix Framework v1.0.0 started 
[2026-05-21 10:09:59] [INFO] Matrix Framework v1.0.0 started 
[2026-05-21 10:09:59] [INFO] GET / 
[2026-05-21 10:09:59] [INFO] Matrix Framework v1.0.0 started 
[2026-05-21 10:10:00] [INFO] Matrix Framework v1.0.0 started 
[2026-05-21 10:10:00] [INFO] GET / 
[2026-05-21 10:10:00] [INFO] Matrix Framework v1.0.0 started 
[2026-05-21 18:23:38] [INFO] Matrix Framework v1.0.0 started 
[2026-05-21 10:27:42] [INFO] Matrix Framework v1.0.0 started 
[2026-05-21 10:27:43] [INFO] GET / 
[2026-05-21 10:27:43] [INFO] Matrix Framework v1.0.0 started 
[2026-05-21 10:27:43] [INFO] Matrix Framework v1.0.0 started 
[2026-05-21 10:27:43] [INFO] GET /_debugbar/assets/dist/debugbar.min.js 
[2026-05-21 10:27:43] [INFO] Matrix Framework v1.0.0 started 
[2026-05-21 10:27:43] [INFO] GET /_debugbar/assets/dist/debugbar.min.css 
[2026-05-21 10:27:45] [INFO] Matrix Framework v1.0.0 started 
[2026-05-21 10:27:45] [INFO] GET / 
[2026-05-21 10:27:45] [INFO] Matrix Framework v1.0.0 started 
[2026-05-21 10:27:45] [INFO] GET /_debugbar/assets/dist/debugbar.min.css 
[2026-05-21 10:27:45] [INFO] Matrix Framework v1.0.0 started 
[2026-05-21 10:27:45] [INFO] GET /_debugbar/assets/dist/debugbar.min.js 
[2026-05-21 10:27:45] [INFO] Matrix Framework v1.0.0 started 
[2026-05-21 10:30:05] [INFO] Matrix Framework v1.0.0 started 
[2026-05-21 10:30:05] [INFO] GET / 
[2026-05-21 10:30:05] [INFO] Matrix Framework v1.0.0 started 
[2026-05-21 10:30:05] [INFO] GET /_debugbar/assets/dist/debugbar.min.js 
[2026-05-21 10:30:05] [INFO] Matrix Framework v1.0.0 started 
[2026-05-21 10:30:05] [INFO] GET /_debugbar/assets/dist/debugbar.min.css 
[2026-05-21 10:30:05] [INFO] Matrix Framework v1.0.0 started 
[2026-05-21 10:30:06] [INFO] Matrix Framework v1.0.0 started 
[2026-05-21 10:30:06] [INFO] GET / 
[2026-05-21 10:30:06] [INFO] Matrix Framework v1.0.0 started 
[2026-05-21 10:30:06] [INFO] GET /_debugbar/assets/dist/debugbar.min.css 
[2026-05-21 10:30:06] [INFO] Matrix Framework v1.0.0 started 
[2026-05-21 10:30:06] [INFO] Matrix Framework v1.0.0 started 
[2026-05-21 10:30:06] [INFO] GET /_debugbar/assets/dist/debugbar.min.js 
[2026-05-21 10:30:10] [INFO] Matrix Framework v1.0.0 started 
[2026-05-21 10:30:10] [INFO] GET / 
[2026-05-21 10:30:10] [INFO] Matrix Framework v1.0.0 started 
[2026-05-21 10:30:10] [INFO] GET /_debugbar/assets/dist/debugbar.min.css 
[2026-05-21 10:30:10] [INFO] Matrix Framework v1.0.0 started 
[2026-05-21 10:30:10] [INFO] GET /_debugbar/assets/dist/debugbar.min.js 
[2026-05-21 10:30:10] [INFO] Matrix Framework v1.0.0 started 
[2026-05-21 10:34:10] [INFO] Matrix Framework v1.0.0 started 
[2026-05-21 10:34:10] [INFO] GET / 
[2026-05-21 10:34:10] [INFO] Matrix Framework v1.0.0 started 
[2026-05-21 10:34:10] [INFO] Matrix Framework v1.0.0 started 
[2026-05-21 10:34:10] [INFO] GET / 
[2026-05-21 10:34:10] [INFO] Matrix Framework v1.0.0 started 
[2026-05-21 10:34:12] [INFO] Matrix Framework v1.0.0 started 
[2026-05-21 10:34:12] [INFO] GET / 
[2026-05-21 10:34:12] [INFO] Matrix Framework v1.0.0 started 
[2026-05-21 10:34:16] [INFO] Matrix Framework v1.0.0 started 
[2026-05-21 10:34:16] [INFO] GET / 
[2026-05-21 10:34:16] [INFO] Matrix Framework v1.0.0 started 
[2026-05-21 18:38:56] [INFO] Matrix Framework v1.0.0 started 
[2026-05-21 18:38:56] [INFO] GET / 
[2026-05-21 18:42:21] [INFO] Matrix Framework v1.0.0 started 
[2026-05-21 18:42:21] [INFO] GET /_debugbar/assets/dist/debugbar.min.css 
[2026-05-21 18:42:58] [INFO] Matrix Framework v1.0.0 started 
[2026-05-21 18:42:58] [INFO] GET / 
[2026-05-21 18:42:58] [INFO] POST /login 
[2026-05-21 18:42:58] [INFO] GET /_debugbar/assets/dist/debugbar.min.css 
[2026-05-21 10:53:02] [INFO] Matrix Framework v1.0.0 started 
[2026-05-21 10:53:02] [INFO] GET / 
[2026-05-21 10:53:10] [INFO] Matrix Framework v1.0.0 started 
[2026-05-21 10:53:10] [INFO] GET / 
[2026-05-21 11:00:10] [INFO] Matrix Framework v1.0.0 started 
[2026-05-21 11:00:10] [INFO] GET / 
[2026-05-22 02:45:02] [INFO] Matrix Framework v1.0.0 started 
[2026-05-22 02:45:02] [INFO] GET / 
[2026-05-22 02:45:02] [INFO] Matrix Framework v1.0.0 started 
[2026-05-22 02:45:02] [INFO] GET /_debugbar/assets/dist/debugbar.min.js 
[2026-05-22 02:45:02] [INFO] Matrix Framework v1.0.0 started 
[2026-05-22 02:45:02] [INFO] GET /_debugbar/assets/dist/debugbar.min.css 
[2026-05-22 02:45:03] [INFO] Matrix Framework v1.0.0 started 
[2026-05-22 02:45:19] [INFO] Matrix Framework v1.0.0 started 
[2026-05-22 02:45:19] [INFO] GET / 
[2026-05-22 02:45:19] [INFO] Matrix Framework v1.0.0 started 
[2026-05-22 02:45:19] [INFO] GET /_debugbar/assets/dist/debugbar.min.css 
[2026-05-22 02:45:19] [INFO] Matrix Framework v1.0.0 started 
[2026-05-22 02:45:19] [INFO] GET /_debugbar/assets/dist/debugbar.min.js 
[2026-05-22 02:45:19] [INFO] Matrix Framework v1.0.0 started 
[2026-05-22 02:48:34] [INFO] Matrix Framework v1.0.0 started 
[2026-05-22 02:48:34] [INFO] GET / 
[2026-05-22 02:48:34] [INFO] Matrix Framework v1.0.0 started 
[2026-05-22 02:49:20] [INFO] Matrix Framework v1.0.0 started 
[2026-05-22 02:49:20] [INFO] GET / 
[2026-05-22 02:49:22] [INFO] Matrix Framework v1.0.0 started 
[2026-05-22 02:49:22] [INFO] GET /_debugbar/assets/dist/debugbar.min.js 
[2026-05-22 02:49:22] [INFO] Matrix Framework v1.0.0 started 
[2026-05-22 02:49:22] [INFO] GET /_debugbar/assets/dist/debugbar.min.css 
[2026-05-22 02:49:22] [INFO] Matrix Framework v1.0.0 started 
[2026-05-22 02:49:26] [INFO] Matrix Framework v1.0.0 started 
[2026-05-22 02:49:26] [INFO] GET / 
[2026-05-22 02:49:26] [INFO] Matrix Framework v1.0.0 started 
[2026-05-22 02:49:26] [INFO] GET /_debugbar/assets/dist/debugbar.min.js 
[2026-05-22 02:49:26] [INFO] Matrix Framework v1.0.0 started 
[2026-05-22 02:49:26] [INFO] GET /_debugbar/assets/dist/debugbar.min.css 
[2026-05-22 02:49:26] [INFO] Matrix Framework v1.0.0 started 
[2026-05-22 02:49:38] [INFO] Matrix Framework v1.0.0 started 
[2026-05-22 02:49:38] [INFO] GET / 
[2026-05-22 02:49:38] [INFO] Matrix Framework v1.0.0 started 
[2026-05-22 02:49:38] [INFO] GET /_debugbar/assets/dist/debugbar.min.css 
[2026-05-22 02:49:38] [INFO] Matrix Framework v1.0.0 started 
[2026-05-22 02:49:38] [INFO] GET /_debugbar/assets/dist/debugbar.min.js 
[2026-05-22 02:49:38] [INFO] Matrix Framework v1.0.0 started 
[2026-05-22 02:50:13] [INFO] Matrix Framework v1.0.0 started 
[2026-05-22 02:50:13] [INFO] GET / 
[2026-05-22 02:50:27] [INFO] Matrix Framework v1.0.0 started 
[2026-05-22 02:50:27] [INFO] GET /_debugbar/assets/dist/debugbar.min.css 
[2026-05-22 02:50:37] [INFO] Matrix Framework v1.0.0 started 
[2026-05-22 02:50:37] [INFO] GET /_debugbar/assets/dist/debugbar.min.css 
[2026-05-22 02:57:12] [INFO] Matrix Framework v1.0.0 started 
[2026-05-22 02:57:12] [INFO] GET / 
[2026-05-22 02:57:12] [INFO] Matrix Framework v1.0.0 started 
[2026-05-22 02:57:12] [INFO] GET /_debugbar/assets/dist/debugbar.min.css 
[2026-05-22 02:57:12] [INFO] Matrix Framework v1.0.0 started 
[2026-05-22 02:57:12] [INFO] GET /_debugbar/assets/dist/debugbar.min.js 
[2026-05-22 02:57:12] [INFO] Matrix Framework v1.0.0 started 
[2026-05-22 03:34:01] [INFO] Matrix Framework v1.0.0 started 
[2026-05-22 03:34:01] [INFO] GET / 
[2026-05-22 03:34:02] [INFO] Matrix Framework v1.0.0 started 
[2026-05-22 03:34:02] [INFO] GET /_debugbar/assets/dist/debugbar.min.css 
[2026-05-22 03:34:02] [INFO] Matrix Framework v1.0.0 started 
[2026-05-22 03:34:02] [INFO] GET /_debugbar/assets/dist/debugbar.min.js 
[2026-05-22 03:34:02] [INFO] Matrix Framework v1.0.0 started 
[2026-05-22 03:34:45] [INFO] Matrix Framework v1.0.0 started 
[2026-05-22 03:34:45] [INFO] GET / 
[2026-05-22 03:34:45] [INFO] Matrix Framework v1.0.0 started 
[2026-05-22 03:34:45] [INFO] GET /_debugbar/assets/dist/debugbar.min.js 
[2026-05-22 03:34:45] [INFO] Matrix Framework v1.0.0 started 
[2026-05-22 03:34:45] [INFO] GET /_debugbar/assets/dist/debugbar.min.css 
[2026-05-22 03:34:45] [INFO] Matrix Framework v1.0.0 started 
[2026-05-22 03:34:46] [INFO] Matrix Framework v1.0.0 started 
[2026-05-22 03:34:46] [INFO] GET / 
[2026-05-22 03:34:46] [INFO] Matrix Framework v1.0.0 started 
[2026-05-22 03:34:46] [INFO] GET /_debugbar/assets/dist/debugbar.min.css 
[2026-05-22 03:34:46] [INFO] Matrix Framework v1.0.0 started 
[2026-05-22 03:34:46] [INFO] Matrix Framework v1.0.0 started 
[2026-05-22 03:34:46] [INFO] GET /_debugbar/assets/dist/debugbar.min.js 
[2026-05-22 03:34:46] [INFO] Matrix Framework v1.0.0 started 
[2026-05-22 03:34:46] [INFO] GET / 
[2026-05-22 03:34:46] [INFO] Matrix Framework v1.0.0 started 
[2026-05-22 03:34:46] [INFO] Matrix Framework v1.0.0 started 
[2026-05-22 03:34:46] [INFO] GET /_debugbar/assets/dist/debugbar.min.js 
[2026-05-22 03:34:46] [INFO] Matrix Framework v1.0.0 started 
[2026-05-22 03:34:46] [INFO] GET /_debugbar/assets/dist/debugbar.min.css 
[2026-05-22 03:36:32] [INFO] Matrix Framework v1.0.0 started 
[2026-05-22 03:36:32] [INFO] GET / 
[2026-05-22 03:36:32] [INFO] Matrix Framework v1.0.0 started 
[2026-05-22 03:36:32] [INFO] GET /_debugbar/assets/dist/debugbar.min.js 
[2026-05-22 03:36:32] [INFO] Matrix Framework v1.0.0 started 
[2026-05-22 03:36:32] [INFO] GET /_debugbar/assets/dist/debugbar.min.css 
[2026-05-22 03:36:32] [INFO] Matrix Framework v1.0.0 started 
[2026-05-22 03:38:01] [INFO] Matrix Framework v1.0.0 started 
[2026-05-22 03:38:02] [INFO] GET / 
[2026-05-22 03:38:02] [INFO] Matrix Framework v1.0.0 started 
[2026-05-22 03:38:02] [INFO] GET /_debugbar/assets/dist/debugbar.min.js 
[2026-05-22 03:38:02] [INFO] Matrix Framework v1.0.0 started 
[2026-05-22 03:38:03] [INFO] GET /_debugbar/assets/dist/debugbar.min.css 
[2026-05-22 03:38:03] [INFO] Matrix Framework v1.0.0 started 
[2026-05-22 03:38:29] [INFO] Matrix Framework v1.0.0 started 
[2026-05-22 03:38:29] [INFO] GET / 
[2026-05-22 03:38:29] [INFO] Matrix Framework v1.0.0 started 
[2026-05-22 03:38:29] [INFO] GET /_debugbar/assets/dist/debugbar.min.css 
[2026-05-22 03:38:29] [INFO] Matrix Framework v1.0.0 started 
[2026-05-22 03:38:30] [INFO] GET /_debugbar/assets/dist/debugbar.min.js 
[2026-05-22 03:38:30] [INFO] Matrix Framework v1.0.0 started 
